AI::Categorize
AI::Fuzzy
AI::Gene::Sequence
AI::Gene::Simple
AI::NeuralNet::SOM
AI::jNeural
ARS
Acme::Buffy
Acme::Morse::Audible
Algorithm::Diff
Algorithm::Graphs::TransitiveClosure
Algorithm::LUHN
Algorithm::Numerical::Sample
Algorithm::Numerical::Shuffle
Algorithm::Permute
Algorithm::SISort
AltaVista::PerlSDK
AltaVista::SearchSDK
Apache::ACEProxy
Apache::ASP
Apache::AddHostPath
Apache::AntiSpam
Apache::Archive
Apache::AuthCookie
Apache::AuthCookieLDAP
Apache::AuthExpire
Apache::AuthLDAP
Apache::AuthPerLDAP
Apache::AuthenCache
Apache::AuthenIMAP
Apache::AuthenNIS
Apache::AuthenPasswd
Apache::AuthenPasswdSrv
Apache::AuthenSmb
Apache::AuthenURL
Apache::AuthzNIS
Apache::AuthzPasswd
Apache::AutoIndex
Apache::Backhand
Apache::CVS
Apache::Clickable
Apache::Compress
Apache::Connection
Apache::Constants
Apache::Cookie
Apache::Cookie::Encrypted
Apache::DB
Apache::DBI
Apache::DBILogConfig
Apache::DBILogger
Apache::DBILogin
Apache::DProf
Apache::Debug
Apache::DebugInfo
Apache::Dispatch
Apache::DnsZone
Apache::DumpHeaders
Apache::Embperl
Apache::EmbperlChain
Apache::ExtUtils
Apache::FakeRequest
Apache::File
Apache::Filter
Apache::GTopLimit
Apache::Gateway
Apache::GzipChain
Apache::HTMLView
Apache::Icon
Apache::Include
Apache::Layer
Apache::Leak
Apache::Lint
Apache::Log
Apache::LogFile
Apache::LogIgnore
Apache::MP3::Skin
Apache::Mason
Apache::MimeXML
Apache::Mmap
Apache::Module
Apache::ModuleConfig
Apache::ModuleDoc
Apache::Motd
Apache::Mysql
Apache::NNTPGateway
Apache::OWA
Apache::OpenIndex
Apache::OutputChain
Apache::PHLogin
Apache::PageKit
Apache::ParseControl
Apache::ParseLog
Apache::PassFile
Apache::Peek
Apache::PerlRun
Apache::PerlSections
Apache::PrettyPerl
Apache::PrettyText
Apache::ProxyPass
Apache::ProxyPassThru
Apache::RandomLocation
Apache::RedirectDBI
Apache::RefererBlock
Apache::Registry
Apache::RegistryLoader
Apache::Reload
Apache::Request
Apache::RequestNotes
Apache::Resource
Apache::Roaming
Apache::SIG
Apache::SSI
Apache::SSIChain
Apache::Sandwich
Apache::Scoreboard
Apache::Server
Apache::Session
Apache::SharedMem
Apache::ShowRequest
Apache::SimpleReplace
Apache::SizeLimit
Apache::SmallProf
Apache::Stage
Apache::StatINC
Apache::Status
Apache::Storage
Apache::SubProcess
Apache::Sybase::CTlib
Apache::Symbol
Apache::Symdump
Apache::Table
Apache::TempFile
Apache::Template
Apache::Throttle
Apache::TimedRedirect
Apache::Traffic
Apache::TransLDAP
Apache::URI
Apache::UploadMeter
Apache::UploadSvr
Apache::Usertrack
Apache::Util
Apache::VMonitor
Apache::Watchdog::RunAway
Apache::ePerl
Apache::httpd_conf
Apache::iNcom
Apache::src
Apache::test
App::Info
App::Manager
AppConfig::Std
AppleII::Disk
AppleII::ProDOS
Archie
Archive::Parity
Archive::Tar
Archive::Zip
Array::Compare
Array::IntSpan
Array::PrintCols
Array::Reform
AsciiDB::TagFile
Astro::Coord
Astro::Cosmology
Astro::FITS::Header
Astro::Misc
Astro::MoonPhase
Astro::SLA
Astro::SkyCat
Astro::SunTime
Astro::Sunrise
Astro::Time
Async::Group
AtExit
Attribute::Abstract
Attribute::Deprecated
Attribute::Handlers
Attribute::Memoize
Attribute::Overload
Attribute::Signature
Attribute::TieClasses
Attribute::Types
Audio::CD
Audio::Ecasound
Audio::MPEG
Audio::Mixer
Audio::OSS
Audio::Play::MPG123
Audio::SoundFile
AudioCD::Mac
Authen::ACE
Authen::ACE4
Authen::CyrusSASL
Authen::Krb4
Authen::Krb5
Authen::Krb5::Easy
Authen::Krb5::KDB
Authen::PAM
Authen::PIN
Authen::SASL
Authen::SASL::Cyrus
Authen::TacacsPlus
Authen::Ticket
AutoLoader
AutoSplit
B::Fathom
B::Graph
B::LexInfo
B::Size
B::TerseSize
BBDB
BSD::Ipfwgen
BSD::Resource
BTRIEVE::SAVE
Barcode::Code128
Be::Attribute
Be::Query
Benchmark::Timer
BerkeleyDB
Bit::Vector
Blatte::Builtins
Blatte::Compiler
Blatte::HTML
Blatte::Parser
Blatte::Syntax
Blatte::Ws
BnP
Bundle::Bugzilla
Bundle::Perl6
Business::Cashcow
Business::CreditCard
Business::ISBN
Business::ISSN
Business::OnlinePayment
Business::UPC
Business::US_Amort
C::DynaLib
C::Include
C::Scan
CDB_File
CDB_File::BiIndex
CDB_File::BiIndex::Generator
CDB_File::Generator
CGI::Application
CGI::ArgChecker
CGI::Authent
CGI::Base
CGI::BasePlus
CGI::Cache
CGI::Carp
CGI::Debug
CGI::Deurl
CGI::Enurl
CGI::FormMagick
CGI::Formalware
CGI::Imagemap
CGI::LogCarp
CGI::MiniSvr
CGI::Minimal
CGI::MultiValuedHash
CGI::MxScreen
CGI::Out
CGI::PathInfo
CGI::Persistent
CGI::Portable
CGI::QuickForm
CGI::Request
CGI::Response
CGI::SSI
CGI::SSI_Parser
CGI::Screen
CGI::SecureState
CGI::Session
CGI::SpeedyCGI
CGI::State
CGI::Test
CGI::URI2param
CGI::Validate
CGI::WML
CGI::XML
CGI::XMLForm
CGI_Lite
CIPP
CORBA::IDLtree
CORBA::IOP::IOR
CPAN
CSS::SAC
Cache::Cache
Cache::Mmap
Calendar::CSA
Callback
Carp
Carp::Assert
Carp::Datum
Catalog
Chart::Base
Chart::GRACE
Chart::Graph
Chart::PNGgraph
Chart::Plot
Chart::XMGR
Chatbot::Eliza
Cisco::Conf
Class::Accessor
Class::ArrayObjects
Class::BlackHole
Class::Classless
Class::Contract
Class::DBI
Class::DBI::mysql
Class::Date
Class::Delegate
Class::Facade
Class::Fields
Class::Handler
Class::Holon
Class::ISA
Class::Loader
Class::MakeMethods
Class::MethodMaker
Class::MethodMapper
Class::Multimethods
Class::Mutator
Class::NamedParms
Class::ObjectTemplate
Class::ObjectTemplate::DB
Class::ParamParser
Class::ParmList
Class::Prototyped
Class::PseudoHash
Class::Singleton
Class::StructTemplate
Class::Tangram
Class::Template
Class::Translucent
Class::Tree
Class::WhiteHole
CompBio::Simple
Compress::Bzip2
Compress::LZF
Compress::LZO
Compress::LZV1
Compress::Zlib
Config::FreeForm
Config::IniFiles
Conjury::C
Conjury::Core
Conjury::Stage
Continuus
ControlX10::CM17
Convert::ASCII::Armor
Convert::ASN1
Convert::BER
Convert::Base32
Convert::BinHex
Convert::DUDE
Convert::EBCDIC
Convert::GeekCode
Convert::IBM390
Convert::Morse
Convert::PEM
Convert::RACE
Convert::Recode
Convert::SciEng
Convert::TNEF
Convert::Translit
Convert::UU
Convert::UUlib
Coy
Crypt::Blowfish
Crypt::Blowfish_PP
Crypt::CBC
Crypt::CBCeasy
Crypt::CipherSaber
Crypt::DES
Crypt::DH
Crypt::DSA
Crypt::ECB
Crypt::GOST
Crypt::GPG
Crypt::IDEA
Crypt::Keys
Crypt::NULL
Crypt::OTP
Crypt::OpenPGP
Crypt::OpenSSL::RSA
Crypt::OpenSSL::Random
Crypt::PGP5
Crypt::PGPSimple
Crypt::PassGen
Crypt::Passwd
Crypt::PasswdMD5
Crypt::RC4
Crypt::RSA
Crypt::RandPasswd
Crypt::Random
Crypt::Rijndael
Crypt::Rijndael_PP
Crypt::Rot13
Crypt::SKey
Crypt::SmbHash
Crypt::Solitaire
Crypt::TEA
Crypt::TripleDES
Crypt::Twofish
Crypt::Twofish2
Crypt::UnixCrypt
Curses
Curses::Forms
Curses::Widgets
Cwd
Cz::Cstocs
Cz::Sort
DBD::ADO
DBD::ASAny
DBD::CSV
DBD::DB2
DBD::DtfSQLmac
DBD::Empress
DBD::Excel
DBD::Illustra
DBD::Informix
DBD::Informix4
DBD::Ingres
DBD::InterBase
DBD::Multiplex
DBD::ODBC
DBD::Oracle
DBD::PgPP
DBD::PrimeBase
DBD::QBase
DBD::RAM
DBD::RDB
DBD::SearchServer
DBD::Solid
DBD::Sprite
DBD::Sqlflex
DBD::Sybase
DBD::Unify
DBD::XBase
DBD::mSQL
DBD::mysql
DBD::mysqlPP
DBD::pNET
DBI
DBI::Format
DBIx::Abstract
DBIx::AnyDBD
DBIx::Browse
DBIx::CGITables
DBIx::Copy
DBIx::DBSchema
DBIx::FetchLoop
DBIx::FullTextSearch
DBIx::HTMLView
DBIx::Lookup::Field
DBIx::OracleSequence
DBIx::Password
DBIx::Recordset
DBIx::Sequence
DBIx::SystemCatalog
DBIx::Table
DBIx::TextIndex
DBIx::Tree
DBIx::XHTML_Table
DBIx::XML_RDB
DBIx::dbMan
DBIx::glueHTML
DBM::DBass
DBZ_File
DB_File
DB_File::DB_Database
DB_File::Lock
DCE::ACL
DCE::DFS
DCE::Login
DCE::Registry
DCE::Status
DCE::UUID
DDL::Oracle
DFA::Command
DFA::Kleene
DFA::Simple
DNS::ZoneParse
DWH_File
Data::Buffer
Data::Compare
Data::DRef
Data::Denter
Data::Dumper
Data::Flow
Data::HexDump
Data::Hexdumper
Data::Iterator
Data::JavaScript
Data::Lazy
Data::Locations
Data::MaskPrint
Data::MultiValuedHash
Data::Random
Data::Reporter
Data::Serializer
Data::Walker
Date::Calc
Date::Chinese
Date::Convert
Date::Convert::French_Rev
Date::DayOfWeek
Date::Discordian
Date::Doomsday
Date::Easter
Date::Format
Date::Gregorian
Date::Handler
Date::ICal
Date::ISO
Date::Interval
Date::Japanese::Era
Date::Language
Date::Manip
Date::Parse
Date::Passover
Date::Roman
Date::Simple
Date::SundayLetter
Date::Tolkien::Shire
Db::Ctree
Db::DFC
Db::Documentum
Db::Mediasurface
DbFramework::Attribute
DbFramework::DataModel
DbFramework::DataType
DbFramework::ForeignKey
DbFramework::Key
DbFramework::Persistent
DbFramework::PrimaryKey
DbFramework::Table
DbFramework::Util
Debug::FaultAutoBT
Decision::ACL
Decision::Markov
Des
Devel::CallerItem
Devel::Constants
Devel::CoreStack
Devel::Cover
Devel::Coverage
Devel::DProf
Devel::DebugInit
Devel::DumpStack
Devel::Leak
Devel::Messenger
Devel::Modlist
Devel::PPPort
Devel::Peek
Devel::RegExp
Devel::SearchINC
Devel::SmallProf
Devel::StackTrace
Devel::Symdump
Devel::TraceFuncs
Devel::TraceLoad
Devel::TraceMethods
Device::ISDN::OCLM
Device::ParallelPort
Device::SerialPort
Dialog
Digest::BubbleBabble
Digest::HMAC
Digest::MD2
Digest::MD4
Digest::MD5
Digest::Perl::MD5
Digest::SHA1
Digest::UserSID
Dir::Purge
DirHandle
DynaLoader
Emacs::Lisp
Email::Find
Embedix::DB
Embedix::ECD
End
English
Env
Env::Modulecmd
Env::Path
Errno
Error
Event::Stats
EventServer::Functions
EventServer::Gettimeofday
EventServer::Signal
Exception::Class
Exception::Cxx
Exporter
ExtUtils::DynaGlue
ExtUtils::Embed
ExtUtils::F77
ExtUtils::MakeMaker
ExtUtils::Manifest
ExtUtils::configPL
FAQ::OMatic
FCGI::ProcManager
FFI::Library
FUSE::Client
FUSE::Server
Fcntl
Festival::Client
Festival::Client::Async
File::BSDGlob
File::Backup
File::Basename
File::BasicFlock
File::Cache
File::CacheDir
File::CheckTree
File::Compare
File::Copy
File::CounterFile
File::Data
File::Find
File::Find::Rule
File::Flock
File::Glob
File::LckPwdF
File::Listing
File::Lock
File::NFSLock
File::Path
File::Remote
File::Repl
File::Rsync
File::Searcher
File::Searcher::Interactive
File::Slurp
File::Sort
File::Spec
File::Sync
File::Tail
File::Temp
File::Touch
File::VirtualPath
File::Which
File::chmod
File::lockf
File::stat
FileCache
Filesys::Df
Filesys::DiskFree
Filesys::DiskSpace
Filesys::Ext2
Filesys::SamFS
Filesys::SmbClientParser
Filesys::Statvfs
Filter::Simple
Filter::Trigraph
Filter::Util::Call
Filter::Util::Exec
Filter::cpp
Filter::decrypt
Filter::exec
Filter::sh
Filter::tee
Finance::Bank::Commonwealth
Finance::NikkeiQuote
Finance::Quote
Finance::QuoteHist
Finance::Streamer
FindBin
Font::AFM
Font::Fret
Font::TFM
FreezeThaw
GD::Barcode
GD::Graph
GD::Text
GDBM_File
GDS2
GIFgraph
Games::AIBots
Games::Alak
Games::Cards
Games::Dice
Games::Dissociate
Games::WordFind
Games::Worms
Gedcom
Geo::IP
Geo::METAR
Geo::Storm_Tracker
Geo::WeatherNOAA
Geography::States
Getargs::Long
Getopt::ArgvFile
Getopt::Attribute
Getopt::Declare
Getopt::EvaP
Getopt::GetArgs
Getopt::Long
Getopt::Mixed
Getopt::Regex
Getopt::Simple
Getopt::Std
Getopt::Tabular
Getopt::Tiny
Gimp
Gnome
GnuPG::Interface
Graph::Kruskal
Graph::Reader
Graph::Reader::XML
Graph::Writer
Graph::Writer::Dot
Graph::Writer::VCG
Graph::Writer::XML
Graph::Writer::daVinci
GraphViz
Graphics::ColorNames
Graphics::Libplot
Graphics::MNG
Graphics::Plotter
Graphics::Simple
HP200LX::DB
HP200LX::DBgui
HPUX::Ioscan
HTML::ActiveLink
HTML::Base
HTML::Bricks
HTML::CalendarMonth
HTML::CalendarMonthDB
HTML::EP
HTML::EasyTags
HTML::Element
HTML::ElementGlob
HTML::ElementRaw
HTML::ElementSuper
HTML::ElementTable
HTML::Embperl
HTML::Encoding
HTML::Entities
HTML::Entities::ImodePictogram
HTML::FillInForm
HTML::FormTemplate
HTML::Formatter
HTML::FromText
HTML::GenToc
HTML::HeadParser
HTML::Index
HTML::LinkExtor
HTML::LinkExtractor
HTML::Lint
HTML::LoL
HTML::Macro
HTML::Mason
HTML::ParseBrowser
HTML::Parser
HTML::Processor
HTML::QuickCheck
HTML::Simple
HTML::SimpleParse
HTML::StickyForms
HTML::Stream
HTML::Subtext
HTML::Table
HTML::TableExtract
HTML::TableLayout
HTML::Tagset
HTML::Template
HTML::TokeParser
HTML::Validator
HTML::WebMake
HTML::Widgets::Menu
HTML::Widgets::Search
HTTP::Browscap
HTTP::BrowserDetect
HTTP::Cookies
HTTP::DAV
HTTP::Daemon
HTTP::Date
HTTP::GHTTP
HTTP::Headers
HTTP::Message
HTTP::Negotiate
HTTP::QuickBase
HTTP::Request
HTTP::Request::Common
HTTP::Request::Form
HTTP::Response
HTTP::SimpleLinkChecker
HTTP::Size
HTTP::Status
HTTP::WebTest
HTTP::Webdav
HTTPD::Authen
HTTPD::GroupAdmin
HTTPD::Log::Filter
HTTPD::UserAdmin
Hash::NoVivify
Heap::Binary
Heap::Binomial
Heap::Elem
Heap::Elem::Num
Heap::Elem::NumRev
Heap::Elem::Ref
Heap::Elem::RefRev
Heap::Elem::Str
Heap::Elem::StrRev
Heap::Fibonacci
Hints
Hook::PrePostCall
Hook::Scope
HyperWave::CSP
I18N::Charset
I18N::Collate
I18N::LangTags
IMAP::Admin
IO::AtomicFile
IO::Default
IO::Dir
IO::File
IO::Filter
IO::Handle
IO::Lines
IO::Multiplex
IO::Pipe
IO::React
IO::Scalar
IO::ScalarArray
IO::Seekable
IO::Select
IO::Socket
IO::String
IO::Stringy
IO::Stty
IO::Tee
IO::Tty
IO::Wrap
IO::WrapTie
IO::Zlib
IPC::Cache
IPC::ChildSafe
IPC::LDT
IPC::Locker
IPC::Open2
IPC::Open3
IPC::Run
IPC::Session
IPC::Shareable
IPC::SharedCache
IPC::Signal
IPC::SysV
IPC::XPA
IPChains::PortFW
IPTables::IPv4::IPQueue
Image::DS9
Image::DeAnim
Image::GD::Thumbnail
Image::Grab
Image::IPTCInfo
Image::Imlib2
Image::Info
Image::Magick
Image::ParseGIF
Image::Size
Image::Timeline
Image::WorldMap
Imager
Include
Ingperl
Inline::ASM
Inline::C
Inline::CPP
Inline::CPR
Inline::Files
Inline::Guile
Inline::Java
Inline::Python
Inline::Struct
Inline::Tcl
Jabber::Connection
Jabber::RPC
Jabber::RPC::HTTPgate
Java
Java::JVM::Classfile
LEGO::RCX
LWP::Conn
LWP::MediaTypes
LWP::Parallel
LWP::Protocol
LWP::RobotUA
LWP::Simple
LWP::UA
LWP::UserAgent
Language::Basic
Language::DATR::DATR2XML
Language::Prolog
Lingua::Conjunction
Lingua::DetectCharset
Lingua::EN::AddressParse
Lingua::EN::Fathom
Lingua::EN::Hyphenate
Lingua::EN::Infinitive
Lingua::EN::Inflect
Lingua::EN::MatchNames
Lingua::EN::NameCase
Lingua::EN::NameParse
Lingua::EN::Nickname
Lingua::EN::Numbers::Ordinate
Lingua::EN::Squeeze
Lingua::EN::Syllable
Lingua::Ident
Lingua::Ispell
Lingua::JA::Number
Lingua::JA::Sort::JIS
Lingua::PT::pln
Lingua::Preferred
Lingua::RU::Antimat
Lingua::RU::Charset
Lingua::Romana::Perligata
Lingua::Stem
Lingua::ZH::CCDICT
Lingua::ZH::CEDICT
Lingua::ZH::HanConvert
Lingua::Zompist::Barakhinei
Lingua::Zompist::Cadhinor
Lingua::Zompist::Kebreni
Lingua::Zompist::Verdurian
Linux::AIO
Linux::Cpuinfo
Linux::Fuser
Linux::Pid
Linux::Svgalib
List::Intersperse
List::Util
Locale::Country
Locale::Currency
Locale::Language
Locale::Maketext
Locale::Msgcat
Locale::PGetText
Locale::PO
Locale::SubCountry
Locale::gettext
LockFile::Lock
LockFile::Manager
LockFile::Simple
Log::Agent
Log::Agent::Logger
Log::Agent::Rotate
Log::Delayed
Log::Detect
Log::Dispatch
Log::Dispatch::TkText
Log::Dispatch::ToTk
Log::Dispatch::Win32EventLog
Log::Topics
Log::TraceMessages
MARC::Record
MARC::XML
MIDI::Realtime
MIME::Base64
MIME::Decoder
MIME::Entity
MIME::Head
MIME::Lite
MIME::Lite::HTML
MIME::Parser
MIME::QuotedPrint
MIME::Types
MIME::Words
MLDBM::Sync
MP3::Daemon
MP3::Info
MP3::M3U
MP3::Tag
MPEG::ID3v1Tag
MPEG::ID3v2Tag
MPEG::MP3Play
MQSeries
MSDOS::Attrib
MSDOS::Descript
MSSQL::DBlib
MSSQL::Sqllib
MVS::VBFile
Mac::AppleEvents::Simple
Mac::Apps::Anarchie
Mac::Apps::Launch
Mac::Apps::MacPGP
Mac::Apps::PBar
Mac::AssistantFrames
Mac::Comm::OT_PPP
Mac::DtfSQL
Mac::FileSpec::Unixish
Mac::Glue
Mac::Macbinary
Mac::OSA::Simple
Mail::Address
Mail::Alias
Mail::Audit
Mail::Box
Mail::Cap
Mail::CheckUser
Mail::Ezmlm
Mail::Field
Mail::Field::Received
Mail::Folder
Mail::Freshmeat
Mail::Header
Mail::IMAPClient
Mail::Internet
Mail::ListDetector
Mail::Mailer
Mail::MboxParser
Mail::POP3Client
Mail::Procmail
Mail::QmailRemote
Mail::Send
Mail::Sender
Mail::Sendmail
Mail::SpamAssassin
Mail::Util
Mail::Vacation
Mail::Vacation::LDAP
Mail::Verify
Mail::Vmailmgr
MailBot
Make
Math::Amoeba
Math::Approx
Math::BaseCalc
Math::Bezier
Math::Bezier::Convert
Math::BigFloat
Math::BigInt
Math::BigInt::BitVect
Math::BigInt::Pari
Math::BigIntFast
Math::BigInteger
Math::BigRat
Math::BooleanEval
Math::Brent
Math::Business::BlackScholes
Math::Business::EMA
Math::CDF
Math::Calc::Units
Math::Cephes
Math::Complex
Math::Derivative
Math::Expr
Math::FFT
Math::Fleximal
Math::Fortran
Math::Fraction
Math::Geometry
Math::Libm
Math::Logic
Math::Matrix
Math::MatrixBool
Math::MatrixReal
Math::MatrixReal::Ext1
Math::Pari
Math::Polynomial
Math::Polynomial::Solve
Math::Project
Math::RPN
Math::Random
Math::Random::MT
Math::Round
Math::SigFigs
Math::Spline
Math::Trig
Math::TrulyRandom
Math::VecStat
Math::VectorReal
Math::ematica
Memoize::ExpireLRU
Metadata::Base
Metadata::IAFA
Metadata::SOIF
Modem::VBox
Modem::Vgetty
Module::InstalledVersion
Module::Reload
Module::Signature
Module::Use
Mon::Client
Mon::SNMP
Msql
MySQL::TableInfo
Mysql
NDBM_File
NEXT
NNML::Server
Net::ACAP
Net::AIM
Net::AOLIM
Net::Bind
Net::CDDBScan
Net::CIDR
Net::Cmd
Net::DHCP::Watch
Net::DHCPClient
Net::DLookup
Net::DNS
Net::DNSServer
Net::Daemon
Net::Daemon::SSL
Net::Dnet
Net::Domain
Net::FTP
Net::FTPServer
Net::FreeDB
Net::Gen
Net::Gnutella
Net::Goofey
Net::Google
Net::HTTPTunnel
Net::Hesiod
Net::Hotline
Net::ICB
Net::ICQ
Net::ICQV5
Net::ICQV5CD
Net::ICal
Net::IMAP
Net::IMAP::Simple
Net::IRC
Net::Ident
Net::Inet
Net::Interface
Net::Jabber
Net::LDAP
Net::LDAPapi
Net::LMTP
Net::NIS
Net::NISPlus
Net::NNTP
Net::Netmask
Net::Netrc
Net::OSCAR
Net::PH
Net::POP3
Net::Pager
Net::ParseWhois
Net::Patricia
Net::Pcap
Net::Peep
Net::Ping
Net::Ping::External
Net::Printer
Net::QMQP
Net::SCP
Net::SFTP
Net::SMPP
Net::SMS
Net::SMS::Genie
Net::SMS::Web
Net::SMTP
Net::SNMP
Net::SNMP::Interfaces
Net::SNPP
Net::SOCKS
Net::SSH
Net::SSH::Perl
Net::SSL
Net::SSLeay
Net::Server
Net::Syslog
Net::TCP
Net::TFTP
Net::Telnet
Net::Telnet::Cisco
Net::Time
Net::Traceroute
Net::Traceroute6
Net::UDP
Net::Whois
Net::Whois::RIPE
Net::XWhois
Net::Z3950
Net::hostent
Net::netent
Net::protoent
Net::servent
Net::xAP
NetAddr::IP
NetAddr::IP::Find
NetPacket::ARP
NetPacket::Ethernet
NetPacket::IGMP
NetPacket::IP
NetPacket::TCP
NetPacket::UDP
NetServer::Generic
NetServer::Portal
Netscape::Bookmarks
Netscape::Cache
Netscape::History
Netscape::HistoryURL
Netscape::Server
News::Article
News::Gateway
News::GnusFilter
News::NNTPClient
News::Newsrc
News::Scan
NexTrieve
NexTrieve::Collection
NexTrieve::Collection::Index
NexTrieve::DBI
NexTrieve::Daemon
NexTrieve::Docseq
NexTrieve::Document
NexTrieve::HTML
NexTrieve::Hitlist
NexTrieve::Hitlist::Hit
NexTrieve::Index
NexTrieve::MIME
NexTrieve::Mbox
NexTrieve::Message
NexTrieve::Overview
NexTrieve::PDF
NexTrieve::Query
NexTrieve::Querylog
NexTrieve::RFC822
NexTrieve::Replay
NexTrieve::Resource
NexTrieve::Search
NexTrieve::Targz
NexTrieve::UTF8
No::Dato
No::KontoNr
No::PersonNr
No::Sort
No::Telenor
Number::Encode
Number::Format
Number::Phone::US
O
ODBM_File
OLE::PropertySet
OLE::Storage
OLE::Storage_Lite
OS2::ExtAttr
OS2::FTP
OS2::PrfDB
OS2::REXX
OS2::UPM
ObjStore
Object::Info
Object::Realize::Later
Object::Transaction
Opcode
OpenGL
OurNet::BBSApp::Sync
PApp::SQL
PCL::Simple
PDF::Core
PDF::Create
PDF::Labels
PDF::Parse
PDL::Meschach
PDL::NetCDF
PDL::NiceSlice
PDL::Options
PDL::PP
PGP::Sign
PGPLOT
POE::Component::Client::FTP
POE::Component::Client::UserAgent
POE::Component::IRC::Onjoin
POE::Component::MPG123
POE::Component::Pcap
POE::Component::RSS
POE::Component::Server::HTTP
POE::Component::SubWrapper
POE::Component::UserBase
POE::Kernel
POE::Session
POSIX
PPresenter
PV
Palm::ThinkDB
Parallel::ForkManager
Parallel::Pvm
Parse::FixedLength
Parse::Lex
Parse::RecDescent
Parse::Syslog
Parse::Tokens
Parse::Vipar
Parse::Yapp
Parse::ePerl
Penguin::Easy
Perf::ARM
Perl
Perl6::Interpolators
Perl6::Parameters
Perl6::Variables
PerlIO::gzip
Perlbug
Persistent::Base
Persistent::DBI
Persistent::LDAP
Persistent::MySQL
Persistent::Oracle
Persistent::Sybase
Persistent::mSQL
Pg
PgSQL
Pod::Checker
Pod::Diff
Pod::DocBook
Pod::HTML
Pod::HTML2Pod
Pod::Hlp
Pod::LaTeX
Pod::Lyx
Pod::Man
Pod::POM
Pod::PP
Pod::Parser
Pod::Pdf
Pod::RTF
Pod::Rtf
Pod::Sdf
Pod::Select
Pod::Simplify
Pod::Text
Pod::Tree
Pod::Usage
Pod::XML
Pogo
PostScript::BasicTypesetter
PostScript::Document
PostScript::Elements
PostScript::Font
PostScript::FontInfo
PostScript::FontMetrics
PostScript::ISOLatin1Encoding
PostScript::Metrics
PostScript::PrinterFontMetrics
PostScript::PseudoISO
PostScript::Resources
PostScript::StandardEncoding
PostScript::TextBlock
Postgres
Proc::Background
Proc::Forkfunc
Proc::ProcessTable
Proc::Queue
Proc::SafePipe
Proc::Short
Proc::Simple
Proc::Spawn
Proc::SyncExec
Ptty
Puppet::Any
Puppet::Body
Puppet::Log
Puppet::VcsTools::File
Puppet::VcsTools::History
Python::Err
Python::Object
Qt
Quantum::Entanglement
Quantum::Superpositions
Quantum::Usrn
R3
RADIUS::Dictionary
RADIUS::Packet
RADIUS::UserFile
RAS::AS5200
RAS::HiPerARC
RAS::PortMaster
RDF::Core
RDF::Service
RPC::ONC
RPC::PlClient
RPC::PlServer
RPC::Simple
RPM::Constants
RPM::Database
RTF::Generator
RTF::Parser
RTF::Tokenizer
Rc
Rcs
Real::Encode
Ref
Regexp::Common
Regexp::Shellish
Religion
RenderMan
Replication::Recall::Client
Replication::Recall::DBServer
Replication::Recall::Server
Resources
Roman
Router::LG
SAP::Rfc
SDBM_File
SGI::FAM
SGI::FM
SGI::GL
SGI::SysCalls
SGML::Element
SGML::Entity
SGML::Parser
SNMP::BridgeQuery
SNMP::Monitor
SNMP::Util
SQL::Generator
SQL::Schema
SQL::Snippet
SQL::Statement
Safe
Safe::Hole
Scalar::Properties
Scalar::Util
Schedule::At
Schedule::ByClock
Schedule::Cron
Schedule::Load
Schedule::Match
Search::Binary
Search::Dict
Search::InvertedIndex
SelectSaver
SelfLoader
Sendmail::AccessDB
Sendmail::Milter
Server::Server::EventDriven
Set::Bag
Set::CheckList
Set::Crontab
Set::CrossProduct
Set::Infinite
Set::IntRange
Set::IntSpan
Set::NestedGroups
Set::Object
Set::Scalar
Set::Window
Shell
Shell::Source
ShellScript::Env
Silly::StringMaths
Silly::Werder
Slash::OurNet
Socket
Socket6
Socket::PassAccessRights
Softref
Solaris::ACL
Solaris::Contents
Solaris::InstallDB
Solaris::Kstat
Solaris::MapDev
Solaris::Package
Solaris::Procfs
Sort::ArbBiLex
Sort::Fields
Sort::Versions
Spectrum::CLI
Speech::Festival
Speech::Festival::Synthesiser
Speech::Recognizer::SPX
Spreadsheet::ParseExcel
Spreadsheet::WriteExcel
Sprite
Stat::lsMode
Statistics::ChiSquare
Statistics::ConwayLife
Statistics::Descriptive
Statistics::Distributions
Statistics::LTU
Statistics::MaxEntropy
Statistics::OLS
Statistics::ROC
Storable
String::Approx
String::BitCount
String::Buffer
String::CRC
String::CRC32
String::DiffLine
String::Edit
String::Multibyte
String::Parity
String::Random
String::RexxParse
String::Scanf
String::ShellQuote
String::Similarity
String::Strip
Sub::Curry
Sub::Quotelike
Sx
Sybase::BCP
Sybase::Simple
Sybase::Sybperl
Sybase::Xfer
Symbol
Symbol::Approx::Sub
Syntax::Highlight::Perl
Sys::AlarmCall
Sys::CPU
Sys::Hostname
Sys::Hostname::Long
Sys::Lastlog
Sys::Syslog
Sys::Utmp
SyslogScan::SendmailLine
SyslogScan::SyslogEntry
SystemC::Netlist
SystemC::Parser
SystemC::Vregs
TFTP
Taint
Tangram
Tcl::Tk
TeX::DVI
TeX::Hyphen
Term::ANSIColor
Term::ANSIScreen
Term::Cap
Term::Complete
Term::Gnuplot
Term::Info
Term::Interact
Term::ProgressBar
Term::Prompt
Term::Query
Term::ReadKey
Term::ReadLine
Term::ReadLine::Gnu
Term::ReadLine::Perl
Term::Screen
Term::Size
Term::TUI
Term::VT102
Test::Cmd
Test::Exception
Test::Harness
Test::Mail
Test::Manifest
Test::More
Test::Pod
Test::Reporter
Test::Simple
Test::Unit
Text::Abbrev
Text::Balanced
Text::BarGraph
Text::Bastardize
Text::BibTeX
Text::CSV
Text::CSV_XS
Text::DelimMatch
Text::DoubleMetaphone
Text::English
Text::EtText
Text::FastTemplate
Text::FillIn
Text::Format
Text::German
Text::Graphics
Text::Header
Text::Iconv
Text::Macros
Text::Merge
Text::MetaText
Text::Metaphone
Text::MicroMason
Text::ParseWords
Text::Refer
Text::Scan
Text::ScriptTemplate
Text::SimpleTemplate
Text::Soundex
Text::Tabs
Text::TeX
Text::Templar
Text::Template
Text::TreeFile
Text::Trie
Text::Vpp
Text::Wrap
Text::iPerl
Text::xSV
Thesaurus
Thread::Pool
Thread::Queue
Thread::RWLock
Thread::Semaphore
Thread::Signal
Thread::Specific
Tie::AliasHash
Tie::Array
Tie::CPHash
Tie::Cache
Tie::Cache::LRU
Tie::CharArray
Tie::Cycle
Tie::DBI
Tie::DB_FileLock
Tie::DB_Lock
Tie::Dir
Tie::Discovery
Tie::DxHash
Tie::File
Tie::FileLRUCache
Tie::GHash
Tie::Handle
Tie::Hash
Tie::Hash::Regex
Tie::Hash::Stack
Tie::HashDefaults
Tie::IxHash
Tie::LDAP
Tie::LLHash
Tie::ListKeyedHash
Tie::MmapArray
Tie::Multidim
Tie::OffsetArray
Tie::Persistent
Tie::RDBM
Tie::RangeHash
Tie::RegexpHash
Tie::Scalar
Tie::Scalar::Timeout
Tie::SecureHash
Tie::SentientHash
Tie::ShadowHash
Tie::SortHash
Tie::StrictHash
Tie::SubstrHash
Tie::TextDir
Tie::Toggle
Tie::TransactHash
Tie::WarnGlobal
Tie::Watch
Time::Avail
Time::CTime
Time::DaysInMonth
Time::HiRes
Time::JulianDay
Time::Local
Time::Object
Time::ParseDate
Time::Period
Time::Piece::MySQL
Time::Seconds
Time::Stopwatch
Time::TAI64
Time::Timezone
Time::Unix
Time::Warp
Time::Zone
Time::gmtime
Time::localtime
Tivoli
Tk::Autoscroll
Tk::Axis
Tk::CheckBox
Tk::ChildNotification
Tk::Clock
Tk::Cloth
Tk::Columns
Tk::ComboEntry
Tk::ContextHelp
Tk::Date
Tk::DateEntry
Tk::Dial
Tk::Enscript
Tk::FcyEntry
Tk::FileDialog
Tk::FileEntry
Tk::FireButton
Tk::FontDialog
Tk::Getopt
Tk::HTML
Tk::HistEntry
Tk::IconCanvas
Tk::JComboBox
Tk::JPEG
Tk::LockDisplay
Tk::MListbox
Tk::Menustrip
Tk::More
Tk::NumEntry
Tk::ObjEditor
Tk::ObjEditorDialog
Tk::ObjScanner
Tk::PNG
Tk::Pane
Tk::PathEntry
Tk::Pgplot
Tk::Pod
Tk::ProgressBar
Tk::RotCanvas
Tk::SplitFrame
Tk::TFrame
Tk::TIFF
Tk::TabFrame
Tk::TabbedForm
Tk::TableEdit
Tk::TableMatrix
Tk::TextANSIColor
Tk::TiedListbox
Tk::Tree
Tk::TreeGraph
Tk::WaitBox
Tk::Workspace
Tk::XMLViewer
Tree::Base
Tree::DAG_Node
Tree::Fat
Tree::M
Tree::Nary
Tree::Smart
Tree::Ternary
Tree::Ternary_XS
Tree::Trie
UNIVERSAL
URI::Attr
URI::Bookmark
URI::Bookmarks
URI::Escape
URI::Find
URI::URL
Unicode::Japanese
Unicode::Lite
Unicode::Map8
Unicode::MapUTF8
Unicode::String
Unix::ConfigFile
Unix::Login
Unix::Processors
Unix::Syslog
Usage
User::Utmp
User::grent
User::pwent
VCS
VCS::PVCS
VCS::StarTeam
VMS::Device
VMS::Filespec
VMS::ICC
VMS::Lock
VMS::Mail
VMS::Misc
VMS::Monitor
VMS::Persona
VMS::Priv
VMS::Process
VMS::Queue
VMS::System
VMS::User
VRML::Base
VRML::Browser
VRML::Color
VRML::VRML1
VRML::VRML2
Verilog::Language
Verilog::Parser
Verilog::Pli
Verilog::SigParser
Video::Capture::V4l
WAIT
WDDX
WML::Card
WML::Deck
WWW::BBSWatch
WWW::Cache::Google
WWW::Link
WWW::Robot
WWW::RobotRules
WWW::Search
WWW::Search::AlltheWeb
WWW::Search::Ebay
WWW::Search::FirstGov
WWW::Search::Go
WWW::Search::Google
WWW::Search::HotBot
WWW::Search::Lycos
WWW::Search::RpmFind
WWW::Search::Yahoo
Wais
WebCache::Digest
WebFS::FileCopy
Win32::ADO
Win32::API
Win32::ASP
Win32::AbsPath
Win32::AdminMisc
Win32::ChangeNotify
Win32::Clipboard
Win32::Console
Win32::DriveInfo
Win32::Event
Win32::EventLog
Win32::EventLog::Carp
Win32::FUtils
Win32::FileOp
Win32::GUI
Win32::GuiTest
Win32::Guidgen
Win32::IPC
Win32::Internet
Win32::MultiMedia::Joystick
Win32::MultiMedia::Mci
Win32::Mutex
Win32::NetAdmin
Win32::NetResource
Win32::ODBC
Win32::OLE
Win32::OLE::OPC
Win32::Pipe
Win32::Process
Win32::RASE
Win32::Registry
Win32::Semaphore
Win32::SerialPort
Win32::SharedFileOpen
Win32::Shortcut
Win32::Sound
Win32::SystemInfo
Win32::WinError
Win32API::CommPort
Win32API::File
Win32API::Registry
X11::Auth
X11::Fvwm
X11::Keysyms
X11::Lib
X11::Motif
X11::Protocol
X11::Toolkit
X11::Wcl
X11::XEvent
X11::XFontStruct
X11::Xbae
X11::Xpm
X500::DN
X500::DN::Parser
X500::RDN
XBase
XML::AutoWriter
XML::CSV
XML::Canonical
XML::Catalog
XML::Checker
XML::Clean
XML::Comma
XML::DOM
XML::Directory
XML::Doctype
XML::Dumper
XML::Edifact
XML::Element
XML::Encoding
XML::Excel
XML::Filter::DetectWS
XML::Filter::Reindent
XML::Filter::SAXT
XML::Filter::Sort
XML::GDOME
XML::GDOME::XSLT
XML::GXML
XML::Generator
XML::Grove
XML::Handler::Composer
XML::Handler::PrintEvents
XML::NamespaceSupport
XML::PPD
XML::PYX
XML::Parser
XML::QL
XML::RegExp
XML::Registry
XML::SAXDriver::CSV
XML::SAXDriver::Excel
XML::Sablotron
XML::Simple
XML::Stream
XML::TreeBuilder
XML::Twig
XML::UM
XML::Writer
XML::Writer::String
XML::XForms::Generator
XML::XPath
XML::XQL
XML::XSLT
XML::Xalan
XML::Xerces
XML::miniXQL
Xbase
Xmms::Config
Xmms::Remote
YAML
dTemplate
diagnostics
enum
ex::constant::vars
ex::implements
ex::interface
ex::override
integer
less
lib
namespace
overload
sigtrap
strict
locale
subs
vars